<html>
<body>
<pre>
<h1>µVision Build Log</h1>
<h2>Project:</h2>
C:\Users\bmulkeen\ProjectFiles\SoC\DES_SoC_2023\Software\DES_M0_SoC.uvproj
Project File Date:  03/20/2023

<h2>Output:</h2>
Build target 'Target 1'
creating preprocessor file for main.c...
compiling main.c...
linking...
Program Size: Code=1216 RO-data=160 RW-data=12 ZI-data=2244  
FromELF: creating hex file...
After Build - User command #1: fromelf .\temp_files\DES_M0_SoC.axf --vhx --32x1 -o ROMcode.txt
After Build - User command #2: fromelf -cvf .\temp_files\DES_M0_SoC.axf -o .\temp_files\disasm.txt
".\temp_files\DES_M0_SoC.axf" - 0 Error(s), 0 Warning(s).
Clean started: Project: 'DES_M0_SoC'
   deleting intermediate output files for target 'Target 1'
</pre>
</body>
</html>
