C51 COMPILER V9.54   MAIN                                                                  02/18/2026 15:36:44 PAGE 1   


C51 COMPILER V9.54, COMPILATION OF MODULE MAIN
OBJECT MODULE PLACED IN .\Objects\main.obj
COMPILER INVOKED BY: C:\Keil_v5\C51\BIN\C51.EXE Source\main.c OPTIMIZE(8,SPEED) BROWSE DEBUG OBJECTEXTEND PRINT(.\Listin
                    -gs\main.lst) TABS(2) OBJECT(.\Objects\main.obj)

line level    source

   1          #include <ADUC841.H>  // special function register definitions
   2          #include "typedef.h"  // variable type definitions
   3          
   4          #define SWITCHES    P2    // switches are connected to Port 2
   5          
   6          #define TF2_pos       (7)
   7          #define EXF2_pos      (6)
   8          #define RCLK_pos      (5)
   9          #define TCLK_pos      (4)
  10          #define EXEN2_pos       (3)
  11          #define TR2_pos       (2)
  12          #define CNT2_pos      (1)
  13          #define CAP2_pos      (0)
  14          
  15          #define MD1_pos       (7)
  16          #define EXT_REF_pos     (6)
  17          #define CK1_pos       (5)
  18          #define CK0_pos       (4)
  19          #define AQ_pos        (2)
  20          #define T2C_pos       (1)
  21          #define EXC_pos       (0)
  22          
  23          #define ADCI_pos      (7)
  24          #define DMA_pos       (6)
  25          #define CCONV_pos       (5)
  26          #define SCONV_pos     (4)
  27          #define CS_pos        (0)
  28          
  29          // TCON definitions
  30          #define TF1_pos       (7)
  31          #define TR1_pos       (6)
  32          #define TF0_pos       (5)
  33          #define TR0_pos       (4)
  34          #define IE1_pos       (3)
  35          #define IT1_pos       (2)
  36          #define IE0_pos       (1)
  37          #define IT0_pos       (0)
  38          
  39          // TMOD definitions for timer 0
  40          #define GATE_pos      (3)
  41          #define CT_pos        (2)
  42          #define M1_pos        (1)
  43          #define M0_pos        (0)
  44          
  45          static uint16 adc_iir_output;          // IIR filter for ADC samples
  46          static uint16 frequency_iir_output;    // IIR filter for frequency measurements
  47          static uint16 frequency_counter;
  48          static uint16 frequency_value;
  49          /*------------------------------------------------
  50          Interrupt service routine for timer 2 interrupt.
  51          Called by the hardware when the interrupt occurs.
  52          ------------------------------------------------*/
  53          void timer2(void) interrupt 5   // interrupt vector at 002BH
  54          {
C51 COMPILER V9.54   MAIN                                                                  02/18/2026 15:36:44 PAGE 2   

  55   1        // Check what mode we are in:
  56   1        if ((SWITCHES&0x03) == 0x01) {
  57   2          // Frequency measurement mode. Increment the register, if it is 25, reset it and record the value on the
             - counter
  58   2          frequency_counter++;
  59   2          if (frequency_counter >= 25) {
  60   3            frequency_counter = 0;
  61   3            // Now record how many pulses T0 has counted in the last 0.125s. Can simply be bit shifted to get the f
             -requency in Hz.
  62   3            // Pass frequency through IIR filter to smooth it out
  63   3            frequency_value = TL0 + (TH0 << 8);
  64   3            frequency_value = ((7*frequency_value) >> 3) + (frequency_iir_output >> 3);
  65   3          }
  66   2        }
  67   1      }  // end timer2 interrupt service routine
  68          
  69          
  70          void adc_isr(void) interrupt 6
  71          {
  72   1        // Needs to take current sample, update the average
  73   1        // Be careful this operation is atomic
  74   1      
  75   1        // IIR Filter
  76   1        uint16 sample_value = ADCDATAL;
  77   1        sample_value = sample_value & 0x0FFF;
  78   1        adc_iir_output = ((7*sample_value) >> 3) + (adc_iir_output >> 3);
  79   1      }
  80          
  81          
  82          
  83          void dc_measure(void) {
  84   1        T2CON = (0 << TF2_pos)     | // Overflow flag
  85   1                (0 << EXF2_pos)    | // External flag
  86   1                (0 << RCLK_pos)    | // receive flag enable
  87   1                (0 << TCLK_pos)    | // transmit clock enable
  88   1                (0 << EXEN2_pos)   | // external enable flag
  89   1                (1 << TR2_pos)     | // start/stop bit
  90   1                (0 << CNT2_pos)    | // Timer/counter mode
  91   1                (0 << CAP2_pos);     // Capture/reload mode
  92   1      
  93   1        // Configure ADC for DC
  94   1        ADCCON1 = (1 << MD1_pos)    | // Operating mode of ADC
  95   1                  (0 << EXT_REF_pos)| // External reference
  96   1                  (0 << CK1_pos)    | // ADC clock divide bits
  97   1                  (0 << CK0_pos)    | // ADC clock divide bits
  98   1                  (3 << AQ_pos)     | // number of ADC clock cycles
  99   1                  (1 << T2C_pos)    | // Which timer to use
 100   1                  (0 << EXC_pos);     // external trigger
 101   1      
 102   1        // Enable ADC interrupt
 103   1        ADCCON2 = (1 << ADCI_pos)   | // ADC interrupt flag
 104   1                  (0 << DMA_pos)    | // ADC DMA flag
 105   1                  (0 << CCONV_pos)  | // ADC conversion complete flag
 106   1                  (0 << SCONV_pos)  | // ADC sequence complete flag
 107   1                  (0 << CS_pos);      // ADC channel select bits
 108   1        EA = 1;    // Enable global interrupts
 109   1        EADC = 1;  // Enable ADC interrupt
 110   1        while ((SWITCHES&0x03) == 0x00) {
 111   2          // Stay in this mode until user switches
 112   2          // ADC samples and IIR filtering are handled by the interrupt service routine
 113   2        }
 114   1      }
C51 COMPILER V9.54   MAIN                                                                  02/18/2026 15:36:44 PAGE 3   

 115          
 116          
 117          void frequency_measure(void) {
 118   1        // Configure timer 2 to generate a pulse every 0.1s (needs a reload value of 10240, and a register counti
             -ng to 25)
 119   1        T2CON = (0 << TF2_pos)     | // Overflow flag
 120   1                (0 << EXF2_pos)    | // External flag
 121   1                (0 << RCLK_pos)    | // receive flag enable
 122   1                (0 << TCLK_pos)    | // transmit clock enable
 123   1                (0 << EXEN2_pos)   | // external enable flag
 124   1                (1 << TR2_pos)     | // start/stop bit
 125   1                (0 << CNT2_pos)    | // Timer/counter mode
 126   1                (0 << CAP2_pos);     // Capture/reload mode
 127   1      
 128   1        // Enable Timer 2 interrupt
 129   1        ET2 = 1;
 130   1        EA = 1;    // Enable global interrupts
 131   1      
 132   1        // Set reload value to 10240
 133   1        RCAP2L = 0x00;
 134   1        RCAP2H = 0x28;
 135   1      
 136   1        // Configure timer 0 to count the input frequency. Use in mode 1.
 137   1        TMOD = (0 << GATE_pos) | // Timer 0 gate control
 138   1               (1 << CT_pos)   | // Timer/counter mode
 139   1               (0 << M1_pos)   | // Mode bit 1
 140   1               (1 << M0_pos);    // Mode bit 0
 141   1      
 142   1        TCON = (0 << TF0_pos) | // Timer 0 overflow flag
 143   1               (1 << TR0_pos) | // Timer 0 run control
 144   1               (0 << IE1_pos) | // External interrupt 1 flag
 145   1               (0 << IT1_pos) | // External interrupt 1 type
 146   1               (0 << IE0_pos) | // External interrupt 0 flag
 147   1               (0 << IT0_pos);   // External interrupt 0 type
 148   1      
 149   1        // Stay in this mode until user switches
 150   1        while ((SWITCHES&0x03) & 0x01) {
 151   2          // Interrupt handlers take care of frequency counting
 152   2        }
 153   1      }
 154          
 155          
 156          void main(void) {
 157   1        SWITCHES = 0xFF;  // Make switch pins inputs
 158   1      
 159   1        while(1) {
 160   2          // Read switches and enter appropriate mode
 161   2          uint8 switch_value = SWITCHES & 0x03;
 162   2      
 163   2          if (switch_value == 0x00) {
 164   3            // DC measurement mode
 165   3            dc_measure();
 166   3          } else if (switch_value == 0x01) {
 167   3            // Frequency measurement mode
 168   3            frequency_measure();
 169   3          } else if (switch_value == 0x02) {
 170   3            // IIR filter test mode
 171   3            // TODO: Implement IIR filter test mode
 172   3          } else {
 173   3            // Default to DC measurement mode (switch_value == 0x03)
 174   3            dc_measure();
 175   3          }
C51 COMPILER V9.54   MAIN                                                                  02/18/2026 15:36:44 PAGE 4   

 176   2        }
 177   1      }  // end main
 178            


MODULE INFORMATION:   STATIC OVERLAYABLE
   CODE SIZE        =    286    ----
   CONSTANT SIZE    =   ----    ----
   XDATA SIZE       =   ----    ----
   PDATA SIZE       =   ----    ----
   DATA SIZE        =      8       1
   IDATA SIZE       =   ----    ----
   BIT SIZE         =   ----    ----
END OF MODULE INFORMATION.


C51 COMPILATION COMPLETE.  0 WARNING(S),  0 ERROR(S)
