Copyright 1986-2022 Xilinx, Inc. All Rights Reserved. Copyright 2022-2023 Advanced Micro Devices, Inc. All Rights Reserved.
--------------------------------------------------------------------------------------------------------------------------------------------------------------------
| Tool Version : Vivado v.2023.2 (win64) Build 4029153 Fri Oct 13 20:14:34 MDT 2023
| Date         : Tue Apr 21 16:07:17 2026
| Host         : Eleclab59 running 64-bit major release  (build 9200)
| Command      : report_methodology -file AHBliteTop_methodology_drc_routed.rpt -pb AHBliteTop_methodology_drc_routed.pb -rpx AHBliteTop_methodology_drc_routed.rpx
| Design       : AHBliteTop
| Device       : xc7a100tcsg324-1
| Speed File   : -1
| Design State : Fully Routed
--------------------------------------------------------------------------------------------------------------------------------------------------------------------

Report Methodology

Table of Contents
-----------------
1. REPORT SUMMARY
2. REPORT DETAILS

1. REPORT SUMMARY
-----------------
            Netlist: netlist
          Floorplan: design_1
      Design limits: <entire design considered>
             Max violations: <unlimited>
             Violations found: 1
+---------+----------+------------------------------+------------+
| Rule    | Severity | Description                  | Violations |
+---------+----------+------------------------------+------------+
| LUTAR-1 | Warning  | LUT drives async reset alert | 1          |
+---------+----------+------------------------------+------------+

2. REPORT DETAILS
-----------------
LUTAR-1#1 Warning
LUT drives async reset alert  
LUT cell clockGen/resetFF[4]_i_2, with 2 or more inputs, drives asynchronous preset/clear pin(s) resetGen/resetFF_reg[0]/CLR, resetGen/resetFF_reg[1]/CLR,
resetGen/resetFF_reg[2]/CLR, resetGen/resetFF_reg[3]/CLR
resetGen/resetFF_reg[4]/CLR. The LUT may glitch and trigger an unexpected reset, even if it is a properly timed path.
Related violations: <none>


