Copyright 1986-2022 Xilinx, Inc. All Rights Reserved. Copyright 2022-2023 Advanced Micro Devices, Inc. All Rights Reserved.
---------------------------------------------------------------------------------------------------------------------------------------------
| Tool Version : Vivado v.2023.2 (win64) Build 4029153 Fri Oct 13 20:14:34 MDT 2023
| Date         : Thu Apr 23 14:00:25 2026
| Host         : Eleclab59 running 64-bit major release  (build 9200)
| Command      : report_control_sets -verbose -file AHBliteTop_control_sets_placed.rpt
| Design       : AHBliteTop
| Device       : xc7a100t
---------------------------------------------------------------------------------------------------------------------------------------------

Control Set Information

Table of Contents
-----------------
1. Summary
2. Histogram
3. Flip-Flop Distribution
4. Detailed Control Set Information

1. Summary
----------

+----------------------------------------------------------+-------+
|                          Status                          | Count |
+----------------------------------------------------------+-------+
| Total control sets                                       |    98 |
|    Minimum number of control sets                        |    98 |
|    Addition due to synthesis replication                 |     0 |
|    Addition due to physical synthesis replication        |     0 |
| Unused register locations in slices containing registers |   165 |
+----------------------------------------------------------+-------+
* Control sets can be merged at opt_design using control_set_merge or merge_equivalent_drivers
** Run report_qor_suggestions for automated merging and remapping suggestions


2. Histogram
------------

+--------------------+-------+
|       Fanout       | Count |
+--------------------+-------+
| Total control sets |    98 |
| >= 0 to < 4        |     3 |
| >= 4 to < 6        |    21 |
| >= 6 to < 8        |     3 |
| >= 8 to < 10       |    44 |
| >= 10 to < 12      |     3 |
| >= 12 to < 14      |     2 |
| >= 14 to < 16      |     0 |
| >= 16              |    22 |
+--------------------+-------+
* Control sets can be remapped at either synth_design or opt_design


3. Flip-Flop Distribution
-------------------------

+--------------+-----------------------+------------------------+-----------------+--------------+
| Clock Enable | Synchronous Set/Reset | Asynchronous Set/Reset | Total Registers | Total Slices |
+--------------+-----------------------+------------------------+-----------------+--------------+
| No           | No                    | No                     |               2 |            1 |
| No           | No                    | Yes                    |             269 |          151 |
| No           | Yes                   | No                     |             126 |           36 |
| Yes          | No                    | No                     |               0 |            0 |
| Yes          | No                    | Yes                    |             638 |          296 |
| Yes          | Yes                   | No                     |             504 |          168 |
+--------------+-----------------------+------------------------+-----------------+--------------+


4. Detailed Control Set Information
-----------------------------------

+--------------------+-------------------------------------------+-----------------------------------+------------------+----------------+--------------+
|    Clock Signal    |               Enable Signal               |          Set/Reset Signal         | Slice Load Count | Bel Load Count | Bels / Slice |
+--------------------+-------------------------------------------+-----------------------------------+------------------+----------------+--------------+
|  clockGen/clk_out1 | SPI/I_spi_core/sclk_leading_edge          | resetGen/SR[0]                    |                1 |              1 |         1.00 |
|  clockGen/clk_out1 | ROM/uart1/bit8x                           | resetGen/resetHW                  |                1 |              1 |         1.00 |
|  clockGen/clk_out1 |                                           |                                   |                1 |              2 |         2.00 |
|  clockGen/clk_out1 | ROM/loader/nibbleReg[2][3]_i_1_n_0        | resetGen/resetHW                  |                1 |              4 |         4.00 |
|  clockGen/clk_out1 | ROM/loader/nibbleReg[1][3]_i_1_n_0        | resetGen/resetHW                  |                1 |              4 |         4.00 |
|  clockGen/clk_out1 | ROM/loader/nibbleReg                      | resetGen/resetHW                  |                1 |              4 |         4.00 |
|  clockGen/clk_out1 | SPI/I_spi_core/clk_div_ctr[3]_i_1_n_0     | resetGen/SR[0]                    |                2 |              4 |         2.00 |
|  clockGen/clk_out1 | UART/control0                             | resetGen/SR[0]                    |                1 |              4 |         4.00 |
|  clockGen/clk_out1 | UART/uFIFO_RX/r_ptr_reg[3]_i_1_n_0        | resetGen/SR[0]                    |                2 |              4 |         2.00 |
|  clockGen/clk_out1 | UART/uFIFO_TX/w_ptr_reg[3]_i_1_n_0        | resetGen/SR[0]                    |                1 |              4 |         4.00 |
|  clockGen/clk_out1 | UART/uart2/shiftreg_reg[8]_0              | resetGen/SR[0]                    |                2 |              4 |         2.00 |
|  clockGen/clk_out1 | ROM/loader/nibbleReg[3][3]_i_1_n_0        | resetGen/resetHW                  |                2 |              4 |         2.00 |
|  clockGen/clk_out1 | ROM/loader/nibbleReg[6][3]_i_1_n_0        | resetGen/resetHW                  |                1 |              4 |         4.00 |
|  clockGen/clk_out1 | ROM/loader/nibbleReg[7][3]_i_1_n_0        | resetGen/resetHW                  |                1 |              4 |         4.00 |
|  clockGen/clk_out1 | ROM/loader/storeNibble                    | ROM/loader/nibbleCount[3]_i_1_n_0 |                1 |              4 |         4.00 |
|  clockGen/clk_out1 | ROM/loader/nibbleReg[5][3]_i_1_n_0        | resetGen/resetHW                  |                2 |              4 |         2.00 |
|  clockGen/clk_out1 | ROM/loader/nibbleReg[4][3]_i_1_n_0        | resetGen/resetHW                  |                1 |              4 |         4.00 |
|  clockGen/clk_out1 | mux/JA_OBUF[1]                            | SPI/csr_regs/resetFF_reg[4]       |                3 |              4 |         1.33 |
|  clockGen/clk_out1 | mux/JA_OBUF[1]                            | cpu/u_logic/Ypi3z4_i_2_n_0        |                4 |              4 |         1.00 |
|  clockGen/clk_out1 | cpu/u_logic/W2uvx4                        | cpu/u_logic/Ypi3z4_i_2_n_0        |                2 |              4 |         2.00 |
|  clockGen/clk_out1 | cpu/u_logic/Yafwx4                        | cpu/u_logic/Ypi3z4_i_2_n_0        |                1 |              4 |         4.00 |
|  clockGen/clk_out1 | cpu/u_logic/Rfpvx4                        | cpu/u_logic/Ypi3z4_i_2_n_0        |                4 |              4 |         1.00 |
|  clockGen/clk_out1 |                                           | clockGen/AR[0]                    |                1 |              5 |         5.00 |
|  clockGen/clk_out1 | UART/uart2/bit8x                          | resetGen/SR[0]                    |                2 |              5 |         2.50 |
|  clockGen/clk_out1 | UART/uart2/bit8x                          | UART/uart2/rxcount[6]_i_1__0_n_0  |                3 |              7 |         2.33 |
|  clockGen/clk_out1 | SPI/csr_regs/FSM_onehot_state_reg[0][0]   | resetGen/SR[0]                    |                2 |              7 |         3.50 |
|  clockGen/clk_out1 | ROM/uart1/bit8x                           | ROM/uart1/rxcount[6]_i_1_n_0      |                3 |              7 |         2.33 |
|  clockGen/clk_out1 | UART/uFIFO_RX/array_reg[12][7]_i_1__0_n_0 | resetGen/SR[0]                    |                1 |              8 |         8.00 |
|  clockGen/clk_out1 | UART/uFIFO_RX/array_reg                   | resetGen/SR[0]                    |                1 |              8 |         8.00 |
|  clockGen/clk_out1 | UART/uFIFO_RX/array_reg[0][7]_i_1__0_n_0  | resetGen/SR[0]                    |                1 |              8 |         8.00 |
|  clockGen/clk_out1 | ROM/uart1/rxdout0                         | resetGen/resetHW                  |                1 |              8 |         8.00 |
|  clockGen/clk_out1 | UART/uFIFO_RX/array_reg[10][7]_i_1__0_n_0 | resetGen/SR[0]                    |                1 |              8 |         8.00 |
|  clockGen/clk_out1 | SPI/csr_regs/rHADDR_reg[1]_4[0]           | resetGen/SR[0]                    |                2 |              8 |         4.00 |
|  clockGen/clk_out1 | SPI/csr_regs/rHADDR_reg[1]_3[0]           | resetGen/SR[0]                    |                3 |              8 |         2.67 |
|  clockGen/clk_out1 | SPI/csr_regs/rHADDR_reg[1]_5[0]           | resetGen/SR[0]                    |                2 |              8 |         4.00 |
|  clockGen/clk_out1 | UART/uFIFO_RX/array_reg[9][7]_i_1__0_n_0  | resetGen/SR[0]                    |                7 |              8 |         1.14 |
|  clockGen/clk_out1 | UART/uFIFO_TX/array_reg[12][7]_i_1_n_0    | resetGen/SR[0]                    |                2 |              8 |         4.00 |
|  clockGen/clk_out1 | UART/uFIFO_TX/array_reg[10][7]_i_1_n_0    | resetGen/SR[0]                    |                1 |              8 |         8.00 |
|  clockGen/clk_out1 | UART/uFIFO_TX/array_reg[14][7]_i_1_n_0    | resetGen/SR[0]                    |                1 |              8 |         8.00 |
|  clockGen/clk_out1 | UART/uFIFO_TX/array_reg[1][7]_i_1_n_0     | resetGen/SR[0]                    |                4 |              8 |         2.00 |
|  clockGen/clk_out1 | UART/uFIFO_TX/array_reg[3][7]_i_1_n_0     | resetGen/SR[0]                    |                2 |              8 |         4.00 |
|  clockGen/clk_out1 | UART/uFIFO_TX/array_reg[4][7]_i_1_n_0     | resetGen/SR[0]                    |                3 |              8 |         2.67 |
|  clockGen/clk_out1 | UART/uFIFO_TX/array_reg[0][7]_i_1_n_0     | resetGen/SR[0]                    |                3 |              8 |         2.67 |
|  clockGen/clk_out1 | UART/uFIFO_TX/array_reg[2][7]_i_1_n_0     | resetGen/SR[0]                    |                2 |              8 |         4.00 |
|  clockGen/clk_out1 | UART/uFIFO_TX/array_reg[9][7]_i_1_n_0     | resetGen/SR[0]                    |                6 |              8 |         1.33 |
|  clockGen/clk_out1 | UART/uFIFO_TX/array_reg[6][7]_i_1_n_0     | resetGen/SR[0]                    |                2 |              8 |         4.00 |
|  clockGen/clk_out1 | UART/uFIFO_TX/array_reg                   | resetGen/SR[0]                    |                3 |              8 |         2.67 |
|  clockGen/clk_out1 | UART/uFIFO_TX/array_reg[7][7]_i_1_n_0     | resetGen/SR[0]                    |                4 |              8 |         2.00 |
|  clockGen/clk_out1 | UART/uFIFO_TX/array_reg[8][7]_i_1_n_0     | resetGen/SR[0]                    |                3 |              8 |         2.67 |
|  clockGen/clk_out1 | UART/uFIFO_TX/array_reg[11][7]_i_1_n_0    | resetGen/SR[0]                    |                1 |              8 |         8.00 |
|  clockGen/clk_out1 | UART/uFIFO_TX/array_reg[5][7]_i_1_n_0     | resetGen/SR[0]                    |                3 |              8 |         2.67 |
|  clockGen/clk_out1 | UART/uFIFO_TX/array_reg[13][7]_i_1_n_0    | resetGen/SR[0]                    |                1 |              8 |         8.00 |
|  clockGen/clk_out1 | UART/uart2/rxdout0                        | resetGen/SR[0]                    |                1 |              8 |         8.00 |
|  clockGen/clk_out1 | UART/uFIFO_RX/array_reg[1][7]_i_1__0_n_0  | resetGen/SR[0]                    |                2 |              8 |         4.00 |
|  clockGen/clk_out1 | UART/uFIFO_RX/array_reg[2][7]_i_1__0_n_0  | resetGen/SR[0]                    |                2 |              8 |         4.00 |
|  clockGen/clk_out1 | UART/uFIFO_RX/array_reg[4][7]_i_1__0_n_0  | resetGen/SR[0]                    |                2 |              8 |         4.00 |
|  clockGen/clk_out1 | UART/uFIFO_RX/array_reg[6][7]_i_1__0_n_0  | resetGen/SR[0]                    |                2 |              8 |         4.00 |
|  clockGen/clk_out1 | UART/uFIFO_RX/array_reg[8][7]_i_1__0_n_0  | resetGen/SR[0]                    |                6 |              8 |         1.33 |
|  clockGen/clk_out1 | UART/uFIFO_RX/array_reg[5][7]_i_1__0_n_0  | resetGen/SR[0]                    |                3 |              8 |         2.67 |
|  clockGen/clk_out1 | cpu/u_logic/Qztvx4                        | cpu/u_logic/Ypi3z4_i_2_n_0        |                3 |              8 |         2.67 |
|  clockGen/clk_out1 | UART/uFIFO_RX/array_reg[7][7]_i_1__0_n_0  | resetGen/SR[0]                    |                3 |              8 |         2.67 |
|  clockGen/clk_out1 | UART/uFIFO_RX/array_reg[13][7]_i_1__0_n_0 | resetGen/SR[0]                    |                4 |              8 |         2.00 |
|  clockGen/clk_out1 | cpu/u_logic/Vytvx4                        | cpu/u_logic/Ypi3z4_i_2_n_0        |                5 |              8 |         1.60 |
|  clockGen/clk_out1 | UART/uFIFO_RX/array_reg[14][7]_i_1__0_n_0 | resetGen/SR[0]                    |                1 |              8 |         8.00 |
|  clockGen/clk_out1 | UART/uFIFO_RX/array_reg[3][7]_i_1__0_n_0  | resetGen/SR[0]                    |                4 |              8 |         2.00 |
|  clockGen/clk_out1 | cpu/u_logic/Z0uvx4                        | cpu/u_logic/Ypi3z4_i_2_n_0        |                2 |              8 |         4.00 |
|  clockGen/clk_out1 | UART/uFIFO_RX/array_reg[11][7]_i_1__0_n_0 | resetGen/SR[0]                    |                1 |              8 |         8.00 |
|  clockGen/clk_out1 | cpu/u_logic/K6yvx4                        | cpu/u_logic/Ypi3z4_i_2_n_0        |                5 |              8 |         1.60 |
|  clockGen/clk_out1 | cpu/u_logic/L0uvx4                        | cpu/u_logic/Ypi3z4_i_2_n_0        |                2 |              8 |         4.00 |
|  clockGen/clk_out1 | ROM/uart1/sample                          | resetGen/resetHW                  |                2 |              9 |         4.50 |
|  clockGen/clk_out1 | UART/uart2/sample                         | resetGen/SR[0]                    |                2 |              9 |         4.50 |
|  clockGen/clk_out1 | SPI/csr_regs/E[0]                         | resetGen/SR[0]                    |                3 |             10 |         3.33 |
|  clockGen/clk_out1 | SPI/csr_regs/rHADDR_reg[1]_2[0]           | resetGen/SR[0]                    |                4 |             10 |         2.50 |
|  clockGen/clk_out1 | SPI/csr_regs/rHADDR_reg[3][0]             | resetGen/SR[0]                    |                3 |             10 |         3.33 |
|  clockGen/clk_out1 | UART/uart2/datareg0                       | resetGen/SR[0]                    |                3 |             12 |         4.00 |
|  clockGen/clk_out1 | ROM/loader/wNow                           | resetGen/resetHW                  |                4 |             13 |         3.25 |
|  clockGen/clk_out1 | cpu/u_logic/C5ovx4                        | cpu/u_logic/Ypi3z4_i_2_n_0        |               10 |             24 |         2.40 |
|  clockGen/clk_out1 | cpu/u_logic/I4zvx4                        | cpu/u_logic/Ypi3z4_i_2_n_0        |               11 |             30 |         2.73 |
|  clockGen/clk_out1 | cpu/u_logic/Okn2z4_i_1_n_0                | cpu/u_logic/Ypi3z4_i_2_n_0        |               14 |             30 |         2.14 |
|  clockGen/clk_out1 | cpu/u_logic/Afyvx4                        | cpu/u_logic/Ypi3z4_i_2_n_0        |               14 |             32 |         2.29 |
|  clockGen/clk_out1 | cpu/u_logic/Siqvx4                        | cpu/u_logic/Ypi3z4_i_2_n_0        |               13 |             32 |         2.46 |
|  clockGen/clk_out1 | cpu/u_logic/Teyvx4                        | cpu/u_logic/Ypi3z4_i_2_n_0        |               18 |             32 |         1.78 |
|  clockGen/clk_out1 | cpu/u_logic/Ddyvx4                        | cpu/u_logic/Ypi3z4_i_2_n_0        |               14 |             32 |         2.29 |
|  clockGen/clk_out1 | cpu/u_logic/Feyvx4                        | cpu/u_logic/Ypi3z4_i_2_n_0        |               14 |             32 |         2.29 |
|  clockGen/clk_out1 | cpu/u_logic/Vfyvx4                        | cpu/u_logic/Ypi3z4_i_2_n_0        |               13 |             32 |         2.46 |
|  clockGen/clk_out1 | cpu/u_logic/Wcyvx4                        | cpu/u_logic/Ypi3z4_i_2_n_0        |               11 |             32 |         2.91 |
|  clockGen/clk_out1 | cpu/u_logic/Xppvx4                        | cpu/u_logic/Ypi3z4_i_2_n_0        |               15 |             32 |         2.13 |
|  clockGen/clk_out1 | cpu/u_logic/Rdyvx4                        | cpu/u_logic/Ypi3z4_i_2_n_0        |               15 |             32 |         2.13 |
|  clockGen/clk_out1 | cpu/u_logic/Hfyvx4                        | cpu/u_logic/Ypi3z4_i_2_n_0        |               18 |             32 |         1.78 |
|  clockGen/clk_out1 | cpu/u_logic/Kdyvx4                        | cpu/u_logic/Ypi3z4_i_2_n_0        |               17 |             32 |         1.88 |
|  clockGen/clk_out1 | cpu/u_logic/Meyvx4                        | cpu/u_logic/Ypi3z4_i_2_n_0        |               19 |             32 |         1.68 |
|  clockGen/clk_out1 | cpu/u_logic/Ofyvx4                        | cpu/u_logic/Ypi3z4_i_2_n_0        |               17 |             32 |         1.88 |
|  clockGen/clk_out1 | cpu/u_logic/Ydyvx4                        | cpu/u_logic/Ypi3z4_i_2_n_0        |               13 |             32 |         2.46 |
|  clockGen/clk_out1 | SPI/I_spi_core/shift_reg                  | resetGen/SR[0]                    |               17 |             38 |         2.24 |
|  clockGen/clk_out1 |                                           | resetGen/resetHW                  |               15 |             47 |         3.13 |
|  clockGen/clk_out1 | mux/JA_OBUF[1]                            | resetGen/SR[0]                    |               27 |             59 |         2.19 |
|  clockGen/clk_out1 |                                           | resetGen/SR[0]                    |               27 |             97 |         3.59 |
|  clockGen/clk_out1 |                                           | cpu/u_logic/Ypi3z4_i_2_n_0        |              144 |            246 |         1.71 |
+--------------------+-------------------------------------------+-----------------------------------+------------------+----------------+--------------+


